// Jest Snapshot v1, https://goo.gl/fbAQLP

exports[`App if matches snapshot 1`] = `
<DocumentFragment>
  <p>
    Loading â€¦
  </p>
</DocumentFragment>
`;
